<html>
<body>
<pre>
<h1>µVision Build Log</h1>
<h2>Tool Versions:</h2>
IDE-Version: µVision V5.31.0.0
Copyright (C) 2020 ARM Ltd and ARM Germany GmbH. All rights reserved.
License Information: Quoc Chau Nguyen, Nha Trang University, LIC=FYKYW-QAMYD-SBTEJ-UZFRU-SQ46X-RL0UQ
 
Tool Versions:
Toolchain:       MDK-ARM Plus  Version: 5.31.0.0
Toolchain Path:  C:\Keil_v5\ARM\ARMCC\Bin
C Compiler:      Armcc.exe V5.06 update 6 (build 750)
Assembler:       Armasm.exe V5.06 update 6 (build 750)
Linker/Locator:  ArmLink.exe V5.06 update 6 (build 750)
Library Manager: ArmAr.exe V5.06 update 6 (build 750)
Hex Converter:   FromElf.exe V5.06 update 6 (build 750)
CPU DLL:         SARMCM3.DLL V5.31.0.0
Dialog DLL:      DCM.DLL V1.17.3.0
Target DLL:      STLink\ST-LINKIII-KEIL_SWO.dll V3.0.7.0
Dialog DLL:      TCM.DLL V1.46.0.0
 
<h2>Project:</h2>
D:\KeilC\KeilC_LedTraiTim\MDK-ARM\KeilC_LedTraiTim.uvprojx
Project File Date:  10/30/2021

<h2>Output:</h2>
*** Using Compiler 'V5.06 update 6 (build 750)', folder: 'C:\Keil_v5\ARM\ARMCC\Bin'
Build target 'KeilC_LedTraiTim'
compiling main.c...
../Core/Src/main.c(8): warning:  #1295-D: Deprecated declaration SangHetLed - give arg types
  void SangHetLed();
../Core/Src/main.c(9): warning:  #1295-D: Deprecated declaration TatHetLed - give arg types
  void TatHetLed();
../Core/Src/main.c(10): warning:  #1295-D: Deprecated declaration SangXuoi - give arg types
  void SangXuoi();
../Core/Src/main.c(11): warning:  #1295-D: Deprecated declaration SangNguoc - give arg types
  void SangNguoc();
../Core/Src/main.c(12): warning:  #1295-D: Deprecated declaration NhapNhay - give arg types
  void NhapNhay();
../Core/Src/main.c: 5 warnings, 0 errors
linking...
Program Size: Code=4152 RO-data=452 RW-data=80 ZI-data=1632  
FromELF: creating hex file...
"KeilC_LedTraiTim\KeilC_LedTraiTim.axf" - 0 Error(s), 5 Warning(s).

<h2>Software Packages used:</h2>

Package Vendor: ARM
                http://www.keil.com/pack/ARM.CMSIS.5.7.0.pack
                ARM.CMSIS.5.7.0
                CMSIS (Cortex Microcontroller Software Interface Standard)
   * Component: CORE Version: 5.4.0

Package Vendor: Keil
                http://www.keil.com/pack/Keil.STM32F4xx_DFP.2.15.0.pack
                Keil.STM32F4xx_DFP.2.15.0
                STMicroelectronics STM32F4 Series Device Support, Drivers and Examples

<h2>Collection of Component include folders:</h2>
  .\RTE\_KeilC_LedTraiTim
  C:\Users\HP\AppData\Local\Arm\Packs\ARM\CMSIS\5.7.0\CMSIS\Core\Include
  C:\Users\HP\AppData\Local\Arm\Packs\Keil\STM32F4xx_DFP\2.15.0\Drivers\CMSIS\Device\ST\STM32F4xx\Include

<h2>Collection of Component Files used:</h2>

   * Component: ARM::CMSIS:CORE:5.4.0
      Include file:  CMSIS\Core\Include\tz_context.h
Build Time Elapsed:  00:00:02
</pre>
</body>
</html>
